  Renderer.cpp
C:\Users\USER\Documents\GitHub\spgp\ShaderProgramming\BaseProject\SimpleGame\Renderer.cpp(122,13): warning C4305: '초기화 중': 'double'에서 'float'(으)로 잘립니다.
  (소스 파일 '/Renderer.cpp'을(를) 컴파일하는 중)
  
C:\Users\USER\Documents\GitHub\spgp\ShaderProgramming\BaseProject\SimpleGame\Renderer.cpp(189,56): warning C4244: '인수': 'GLuint'에서 'GLfloat'(으)로 변환하면서 데이터가 손실될 수 있습니다.
  (소스 파일 '/Renderer.cpp'을(를) 컴파일하는 중)
  
C:\Users\USER\Documents\GitHub\spgp\ShaderProgramming\BaseProject\SimpleGame\Renderer.cpp(190,56): warning C4244: '인수': 'GLuint'에서 'GLfloat'(으)로 변환하면서 데이터가 손실될 수 있습니다.
  (소스 파일 '/Renderer.cpp'을(를) 컴파일하는 중)
  
C:\Users\USER\Documents\GitHub\spgp\ShaderProgramming\BaseProject\SimpleGame\Renderer.cpp(598,21): warning C4267: '=': 'size_t'에서 'GLint'(으)로 변환하면서 데이터가 손실될 수 있습니다.
  (소스 파일 '/Renderer.cpp'을(를) 컴파일하는 중)
  
C:\Users\USER\Documents\GitHub\spgp\ShaderProgramming\BaseProject\SimpleGame\Renderer.cpp(724,12): warning C4305: '+=': 'double'에서 'float'(으)로 잘립니다.
  (소스 파일 '/Renderer.cpp'을(를) 컴파일하는 중)
  
C:\Users\USER\Documents\GitHub\spgp\ShaderProgramming\BaseProject\SimpleGame\Renderer.cpp(814,12): warning C4305: '+=': 'double'에서 'float'(으)로 잘립니다.
  (소스 파일 '/Renderer.cpp'을(를) 컴파일하는 중)
  
C:\Users\USER\Documents\GitHub\spgp\ShaderProgramming\BaseProject\SimpleGame\Renderer.cpp(902,12): warning C4305: '+=': 'double'에서 'float'(으)로 잘립니다.
  (소스 파일 '/Renderer.cpp'을(를) 컴파일하는 중)
  
C:\Users\USER\Documents\GitHub\spgp\ShaderProgramming\BaseProject\SimpleGame\Renderer.cpp(925,36): warning C4305: '인수': 'double'에서 'float'(으)로 잘립니다.
  (소스 파일 '/Renderer.cpp'을(를) 컴파일하는 중)
  
C:\Users\USER\Documents\GitHub\spgp\ShaderProgramming\BaseProject\SimpleGame\Renderer.cpp(955,38): warning C4305: '인수': 'double'에서 'float'(으)로 잘립니다.
  (소스 파일 '/Renderer.cpp'을(를) 컴파일하는 중)
  
C:\Users\USER\Documents\GitHub\spgp\ShaderProgramming\BaseProject\SimpleGame\Renderer.cpp(956,36): warning C4305: '인수': 'double'에서 'float'(으)로 잘립니다.
  (소스 파일 '/Renderer.cpp'을(를) 컴파일하는 중)
  
C:\Users\USER\Documents\GitHub\spgp\ShaderProgramming\BaseProject\SimpleGame\Renderer.cpp(957,38): warning C4305: '인수': 'double'에서 'float'(으)로 잘립니다.
  (소스 파일 '/Renderer.cpp'을(를) 컴파일하는 중)
  
  SimpleGame.vcxproj -> C:\Users\USER\Documents\GitHub\spgp\ShaderProgramming\BaseProject\x64\Debug\SimpleGame.exe
